// Jest Snapshot v1, https://goo.gl/fbAQLP

exports[`renders DependencyTree correctly 1`] = `
<ul
  className="root"
/>
`;
