// Jest Snapshot v1, https://goo.gl/fbAQLP

exports[`renders Input correctly 1`] = `
<input
  className="root"
/>
`;
