// Jest Snapshot v1, https://goo.gl/fbAQLP

exports[`renders DownloadStats correctly 1`] = `
<div>
  <h3>
    --
     downloads in the last week
  </h3>
  <canvas
    height={150}
    role="img"
    width={300}
  />
</div>
`;
