// Jest Snapshot v1, https://goo.gl/fbAQLP

exports[`renders FoundItems correctly 1`] = `
<ul
  className="list"
/>
`;
