// Jest Snapshot v1, https://goo.gl/fbAQLP

exports[`renders LoadingBurger correctly 1`] = `
<div
  className="root animated"
>
  <span
    className="material-icons"
  >
    lunch_dining
  </span>
</div>
`;
