// Jest Snapshot v1, https://goo.gl/fbAQLP

exports[`renders Checkbox correctly 1`] = `
<label
  className="root"
>
  <input
    type="checkbox"
  />
  <span />
</label>
`;
